// Jest Snapshot v1, https://goo.gl/fbAQLP

exports[`<Button /> should render without props 1`] = `
<button
  className="css-hn65qy"
  href="#void"
  onClick={null}
  onKeyDown={[Function]}
  tabIndex="0"
  type="button"
/>
`;
