// Jest Snapshot v1, https://goo.gl/fbAQLP

exports[`<PaymentConfirmControls /> should render with required props 1`] = `
<div
  className="css-qv6zkf"
>
  <button
    className="css-1e5j5cf"
    data-testid="confirm-controls-cancel"
    href="#void"
    onClick={[Function]}
    onKeyDown={[Function]}
    tabIndex="0"
    type="button"
  >
    CANCEL ORDER
  </button>
  <button
    className="css-hn65qy"
    data-testid="confirm-controls-confirm"
    disabled={true}
    href="#void"
    onClick={[MockFunction]}
    onKeyDown={[Function]}
    tabIndex="0"
    type="button"
  >
    CONFIRM ORDER
  </button>
</div>
`;
