// Jest Snapshot v1, https://goo.gl/fbAQLP

exports[`<Spinner /> should render without props 1`] = `
<div
  className="css-1lh4e9u"
>
  <div
    className="css-159m1lu"
  >
    <div
      className="css-1gy22ay"
    >
      Loading...
    </div>
  </div>
</div>
`;
