// Jest Snapshot v1, https://goo.gl/fbAQLP

exports[`<PaymentForm /> should render without props 1`] = `
<form
  className="css-8o331q"
>
  <fieldset
    className="css-94sf3x"
  >
    <fieldset
      className="css-9x3bhi"
    >
      <label
        className="css-1xnp38i"
        htmlFor="name"
      >
        name
      </label>
      <input
        className="css-cth1sm"
        id="name"
        onChange={[Function]}
        placeholder="John Doe"
        required={true}
        type="text"
        value=""
      />
    </fieldset>
    <fieldset
      className="css-9x3bhi"
    >
      <label
        className="css-1xnp38i"
        htmlFor="address"
      >
        address
      </label>
      <input
        className="css-cth1sm"
        id="address"
        onChange={[Function]}
        placeholder="J191 S. Illinois Street, Everett, MA 02149"
        required={true}
        type="text"
        value=""
      />
    </fieldset>
    <fieldset
      className="css-9x3bhi"
    >
      <label
        className="css-1xnp38i"
        htmlFor="email"
      >
        email
      </label>
      <input
        className="css-cth1sm"
        id="email"
        onChange={[Function]}
        placeholder="johndoe@example.com"
        required={true}
        type="email"
        value=""
      />
    </fieldset>
    <fieldset
      className="css-9x3bhi"
    >
      <label
        className="css-1xnp38i"
        htmlFor="phone"
      >
        phone
      </label>
      <input
        className="css-cth1sm"
        id="phone"
        onChange={[Function]}
        placeholder="(941) 555-0123"
        required={true}
        type="tel"
        value=""
      />
    </fieldset>
  </fieldset>
  <p
    className="css-1yab5hb"
  >
    By proceeding you accept the
     
    <a
      className="css-1c5zfe9"
    >
      Terms of Service
    </a>
     
    of the company.
  </p>
  <div
    className="css-1rsrz83"
  >
    <button
      className="css-1h13z07"
      data-cy="button"
      data-testid="form-review-button"
      href="#void"
      onClick={[Function]}
      onKeyDown={[Function]}
      tabIndex={0}
      type="button"
    >
      BACK TO REVIEW
    </button>
    <button
      className="css-187kagv"
      data-cy="button"
      data-testid="form-submit-button"
      disabled={true}
      href="#void"
      onClick={[Function]}
      onKeyDown={[Function]}
      tabIndex={0}
    >
      FILL THE FORM
    </button>
  </div>
</form>
`;
