// Jest Snapshot v1, https://goo.gl/fbAQLP

exports[`<ProductControlsAmount /> should render with required props 1`] = `
<div
  className="css-1dm3qsp"
  data-testid="product-amount-wrapper"
>
  <div
    className="css-hboir5"
  >
    <div
      aria-hidden={true}
      className="css-1yqqx3k"
    >
      <button
        className="css-fdetwv"
        data-testid="product-amount-increment"
        href="#void"
        onKeyDown={[Function]}
        onMouseDown={[Function]}
        onMouseLeave={[Function]}
        onMouseUp={[Function]}
        onTouchEnd={[Function]}
        role="button"
        tabIndex="0"
        type="button"
      >
        <svg
          fill="currentColor"
          height="1em"
          stroke="currentColor"
          strokeWidth="0"
          style={
            Object {
              "color": undefined,
            }
          }
          viewBox="0 0 448 512"
          width="1em"
          xmlns="http://www.w3.org/2000/svg"
        >
          <path
            d="M400 32H48C21.5 32 0 53.5 0 80v352c0 26.5 21.5 48 48 48h352c26.5 0 48-21.5 48-48V80c0-26.5-21.5-48-48-48zm-32 252c0 6.6-5.4 12-12 12h-92v92c0 6.6-5.4 12-12 12h-56c-6.6 0-12-5.4-12-12v-92H92c-6.6 0-12-5.4-12-12v-56c0-6.6 5.4-12 12-12h92v-92c0-6.6 5.4-12 12-12h56c6.6 0 12 5.4 12 12v92h92c6.6 0 12 5.4 12 12v56z"
          />
        </svg>
      </button>
      <button
        className="css-1fd1i4r"
        data-testid="product-amount-decrement"
        href="#void"
        onKeyDown={[Function]}
        onMouseDown={[Function]}
        onMouseLeave={[Function]}
        onMouseUp={[Function]}
        onTouchEnd={[Function]}
        role="button"
        tabIndex="0"
        type="button"
      >
        <svg
          fill="currentColor"
          height="1em"
          stroke="currentColor"
          strokeWidth="0"
          style={
            Object {
              "color": undefined,
            }
          }
          viewBox="0 0 448 512"
          width="1em"
          xmlns="http://www.w3.org/2000/svg"
        >
          <path
            d="M400 32H48C21.5 32 0 53.5 0 80v352c0 26.5 21.5 48 48 48h352c26.5 0 48-21.5 48-48V80c0-26.5-21.5-48-48-48zM92 296c-6.6 0-12-5.4-12-12v-56c0-6.6 5.4-12 12-12h264c6.6 0 12 5.4 12 12v56c0 6.6-5.4 12-12 12H92z"
          />
        </svg>
      </button>
    </div>
    <input
      aria-invalid={false}
      aria-readonly={true}
      aria-valuemax={1}
      aria-valuemin={0}
      aria-valuenow={0}
      autoComplete="off"
      className="css-s3c5ne"
      data-testid="product-amount-input"
      onBlur={[Function]}
      onChange={[Function]}
      onFocus={[Function]}
      onKeyDown={[Function]}
      readOnly={true}
      role="spinbutton"
      type="text"
      value={0}
    />
  </div>
</div>
`;
