// Jest Snapshot v1, https://goo.gl/fbAQLP

exports[`<ProductControlsButton /> should render with required props 1`] = `
<button
  className="css-1e5lh77"
  data-testid="product-buy-button"
  disabled={true}
  href="#void"
  onClick={[Function]}
  onKeyDown={[Function]}
  tabIndex="0"
  type="button"
>
  buy
</button>
`;
