// Jest Snapshot v1, https://goo.gl/fbAQLP

exports[`<CartContent /> should render without props 1`] = `
<ul
  className="css-7822g1"
  role="list"
/>
`;
