// Jest Snapshot v1, https://goo.gl/fbAQLP

exports[`<CartItem /> should render with required props 1`] = `
<div
  className="css-1tp0oa"
>
  <img
    alt="mock_name_0"
    className="css-rhemcv"
  />
  <div
    className="css-zbq0po"
  >
    <strong
      className="css-airqvi"
    >
      mock_name_0
    </strong>
    <em
      className="css-1fji79j"
    >
      mock_color_0 in One Size x1
    </em>
  </div>
  <strong
    className="css-1som8bm"
  >
    1.00
    Â $
  </strong>
</div>
`;
